// Jest Snapshot v1, https://goo.gl/fbAQLP

exports[`BarChart renders correctly 1`] = `
ShallowWrapper {
  Symbol(enzyme.__root__): [Circular],
  Symbol(enzyme.__unrendered__): <BarChart
    bars={
      Array [
        Array [
          Object {
            "fill": "#1f77b4",
            "height": 11.764705882352928,
            "key": "1-oddsmakers",
            "round": 1,
            "width": 6,
            "x": 7.857142857142858,
            "y": 368.2352941176471,
          },
          Object {
            "fill": "#ff7f0e",
            "height": 11.764705882352928,
            "key": "1-tipresias_betting",
            "round": 1,
            "width": 6,
            "x": 13.857142857142858,
            "y": 368.2352941176471,
          },
          Object {
            "fill": "#2ca02c",
            "height": 9.411764705882376,
            "key": "1-tipresias_match",
            "round": 1,
            "width": 6,
            "x": 19.857142857142858,
            "y": 370.5882352941176,
          },
          Object {
            "fill": "#d62728",
            "height": 18.823529411764696,
            "key": "1-tipresias_player",
            "round": 1,
            "width": 6,
            "x": 25.857142857142858,
            "y": 361.1764705882353,
          },
        ],
      ]
    }
  />,
  Symbol(enzyme.__renderer__): Object {
    "batchedUpdates": [Function],
    "getNode": [Function],
    "render": [Function],
    "simulateError": [Function],
    "simulateEvent": [Function],
    "unmount": [Function],
  },
  Symbol(enzyme.__node__): Object {
    "instance": null,
    "key": "0",
    "nodeType": "host",
    "props": Object {
      "children": Array [
        <rect
          fill="#1f77b4"
          height={11.764705882352928}
          width={6}
          x={7.857142857142858}
          y={368.2352941176471}
        />,
        <rect
          fill="#ff7f0e"
          height={11.764705882352928}
          width={6}
          x={13.857142857142858}
          y={368.2352941176471}
        />,
        <rect
          fill="#2ca02c"
          height={9.411764705882376}
          width={6}
          x={19.857142857142858}
          y={370.5882352941176}
        />,
        <rect
          fill="#d62728"
          height={18.823529411764696}
          width={6}
          x={25.857142857142858}
          y={361.1764705882353}
        />,
      ],
      "transform": "translate(20, 0)",
    },
    "ref": null,
    "rendered": Array [
      Object {
        "instance": null,
        "key": "1-oddsmakers",
        "nodeType": "host",
        "props": Object {
          "fill": "#1f77b4",
          "height": 11.764705882352928,
          "width": 6,
          "x": 7.857142857142858,
          "y": 368.2352941176471,
        },
        "ref": null,
        "rendered": null,
        "type": "rect",
      },
      Object {
        "instance": null,
        "key": "1-tipresias_betting",
        "nodeType": "host",
        "props": Object {
          "fill": "#ff7f0e",
          "height": 11.764705882352928,
          "width": 6,
          "x": 13.857142857142858,
          "y": 368.2352941176471,
        },
        "ref": null,
        "rendered": null,
        "type": "rect",
      },
      Object {
        "instance": null,
        "key": "1-tipresias_match",
        "nodeType": "host",
        "props": Object {
          "fill": "#2ca02c",
          "height": 9.411764705882376,
          "width": 6,
          "x": 19.857142857142858,
          "y": 370.5882352941176,
        },
        "ref": null,
        "rendered": null,
        "type": "rect",
      },
      Object {
        "instance": null,
        "key": "1-tipresias_player",
        "nodeType": "host",
        "props": Object {
          "fill": "#d62728",
          "height": 18.823529411764696,
          "width": 6,
          "x": 25.857142857142858,
          "y": 361.1764705882353,
        },
        "ref": null,
        "rendered": null,
        "type": "rect",
      },
    ],
    "type": "g",
  },
  Symbol(enzyme.__nodes__): Array [
    Object {
      "instance": null,
      "key": "0",
      "nodeType": "host",
      "props": Object {
        "children": Array [
          <rect
            fill="#1f77b4"
            height={11.764705882352928}
            width={6}
            x={7.857142857142858}
            y={368.2352941176471}
          />,
          <rect
            fill="#ff7f0e"
            height={11.764705882352928}
            width={6}
            x={13.857142857142858}
            y={368.2352941176471}
          />,
          <rect
            fill="#2ca02c"
            height={9.411764705882376}
            width={6}
            x={19.857142857142858}
            y={370.5882352941176}
          />,
          <rect
            fill="#d62728"
            height={18.823529411764696}
            width={6}
            x={25.857142857142858}
            y={361.1764705882353}
          />,
        ],
        "transform": "translate(20, 0)",
      },
      "ref": null,
      "rendered": Array [
        Object {
          "instance": null,
          "key": "1-oddsmakers",
          "nodeType": "host",
          "props": Object {
            "fill": "#1f77b4",
            "height": 11.764705882352928,
            "width": 6,
            "x": 7.857142857142858,
            "y": 368.2352941176471,
          },
          "ref": null,
          "rendered": null,
          "type": "rect",
        },
        Object {
          "instance": null,
          "key": "1-tipresias_betting",
          "nodeType": "host",
          "props": Object {
            "fill": "#ff7f0e",
            "height": 11.764705882352928,
            "width": 6,
            "x": 13.857142857142858,
            "y": 368.2352941176471,
          },
          "ref": null,
          "rendered": null,
          "type": "rect",
        },
        Object {
          "instance": null,
          "key": "1-tipresias_match",
          "nodeType": "host",
          "props": Object {
            "fill": "#2ca02c",
            "height": 9.411764705882376,
            "width": 6,
            "x": 19.857142857142858,
            "y": 370.5882352941176,
          },
          "ref": null,
          "rendered": null,
          "type": "rect",
        },
        Object {
          "instance": null,
          "key": "1-tipresias_player",
          "nodeType": "host",
          "props": Object {
            "fill": "#d62728",
            "height": 18.823529411764696,
            "width": 6,
            "x": 25.857142857142858,
            "y": 361.1764705882353,
          },
          "ref": null,
          "rendered": null,
          "type": "rect",
        },
      ],
      "type": "g",
    },
  ],
  Symbol(enzyme.__options__): Object {
    "adapter": ReactSixteenAdapter {
      "options": Object {
        "enableComponentDidUpdateOnSetState": true,
        "lifecycles": Object {
          "componentDidUpdate": Object {
            "onSetState": true,
          },
          "getDerivedStateFromProps": true,
          "getSnapshotBeforeUpdate": true,
          "setState": Object {
            "skipsComponentDidUpdateOnNullish": true,
          },
        },
      },
    },
  },
}
`;
